
> next-starter@1.0.0 build
> next build

   Γû▓ Next.js 15.2.4
   - Environments: .env

   Creating an optimized production build ...
node.exe : 
Browserslist: 
browsers data 
(caniuse-lite) is 12 
months old. Please 
run:
At line:1 char:1
+ & "C:\Program Files\
nodejs/node.exe" 
"C:\Program 
Files\nodejs/node_mo 
...
+ ~~~~~~~~~~~~~~~~~~~~
~~~~~~~~~~~~~~~~~~~~~~
~~~~~~~~~~~~~~~~~~~~~~
~~~~~
    + CategoryInfo    
          : NotSpeci  
  fied: (Browsersli   
 st: b...ld. Pleas    
e run::String) []    
, RemoteException
    + FullyQualifiedE 
   rrorId : NativeCo  
  mmandError
 
  npx update-browsersl
ist-db@latest
  Why you should do 
it regularly: https://
github.com/browserslis
t/update-db#readme
 Γ£ô Compiled successfully
   Linting and checking validity of types ...

Failed to compile.

./src/components/educa
tion.tsx
3:1  Error: Run 
autofix to sort these 
imports!  simple-impor
t-sort/imports
6:1  Error: Delete 
`ΓÉìΓÅÄ`  
prettier/prettier

./src/components/proje
ct.tsx
11:10  Error: 'cn' is 
defined but never 
used.  @typescript-esl
int/no-unused-vars

./src/components/skill
s.tsx
8:1  Error: Delete 
`ΓÉìΓÅÄ`  
prettier/prettier

info  - Need to 
disable some ESLint 
rules? Learn more 
here: https://nextjs.o
rg/docs/app/api-refere
nce/config/eslint#disa
bling-rules
